[   .000000] Initializing cgroup subsys cpuset
[    0.000000] Initializing cgroup subsys cpu
[    0.000000] Initializing cgroup subsys cpuacct
[    0.000000] Linux version 4.4.0-170-generi (buildd@lcy01-amd64-019) (gcc version 5.4.0 20160609 (Ubuntu 5.4.0-6ubuntu1~16.04.12) ) #199-Ubuntu SMP Thu Nov 14 01:45:04 UTC 2019 (Ubuntu 4.4.0-170.199-generic 4.4.200)
[    0.000000] Command line: BOOT_IMAGE=/boot/vmlinuz-4.4.0-170-generic root=LABEL=cloudimg-rootfs ro console=tty1 console=ttyS0
[    0.000000] KERNEL supported cpus:
[    0.000000]   Intel GenuineIntel
[    0.000000]   AMD AuthenticAMD
[    0.000000]   Centaur CentaurHauls
[    0.000000] x86/fpu: xstate_offset[2]:  576, xstate_sizes[2]:  256
[    0.000000] x86/fpu: Supporting XSAVE feature 0x01: 'x87 floating point registers'
[    0.000000] x86/fpu: Supporting XSAVE feature 0x02: 'SSE registers'
[    0.000000] x86/fpu: Supporting XSAVE feature 0x04: 'AVX registers'
[    0.000000] x86/fpu: Enabled xstate features 0x7, context size is 832 bytes, using 'standard' format.
[    0.000000] e820: BIOS-provided physical RAM map:
[    0.000000] BIOS-e820: [mem 0x0000000000000000-0x000000000009fbff] usable
[    0.000000] BIOS-e820: [mem 0x000000000009fc00-0x000000000009ffff] reserved
[    0.000000] BIOS-e820: [mem 0x00000000000f0000-0x00000000000fffff] reserved
[    0.000000] BIOS-e820: [mem 0x0000000000100000-0x000000003ffeffff] usable
[    0.000000] BIOS-e820: [mem 0x000000003fff0000-0x000000003fffffff] ACPI data
[    0.000000] BIOS-e820: [mem 0x00000000fec00000-0x00000000fec00fff] reserved
[    0.000000] BIOS-e820: [mem 0x00000000fee00000-0x00000000fee00fff] reserved
[    0.000000] BIOS-e820: [mem 0x00000000fffc0000-0x00000000ffffffff] reserved
[    0.000000] NX (Execute Disable) protection: active
[    0.000000] SMBIOS 2.5 present.
[    0.000000] Hypervisor detected: KVM
[    0.000000] e820: last_pfn = 0x3fff0 max_arch_pfn = 0x400000000
[    0.000000] MTRR: Disabled
[    0.000000] x86/PAT: MTRRs disabled, skipping PAT initializtiotoo.
[    0.000000] CPU MTRRs all blank - virtualized system.
[    0.0000]x86/PT: Configuration [0-7]: WB  WT  UC- UC  WB  WT  UC- UC  
    0.000000] found SMP MP-table at [mem 0x0009fff0-0x0009ffff] mapped at [ffff88000009f0]
[    0.000000] Scanning 1 areas for low memory corruption
[  0.00000RAMDI: [memx362f4000-0x37171fff]
[    0.000000] ACPI: Early table checksum verification disabled
[    0.000000] ACPI: RSDP 0x00000000000E0000 000024 (v02 VBOX  )
[    0.000000] ACPI: XSDT 0x000000003FFF0030 00003C (v01 VBOX   VBOXXSDT 00000001 ASL  00000061)
   0.000000] ACPI: FACP 0x000000003FFF00F0 0000F4 (v04 VBOX   VBOXFACP 00000001 ASL  00000061)
[    0.000000] ACPI: DSDT 0x000000003FFF0470 0021FF (v02 VBOX   VBOXBIOS 00000002 INTL 20100528)
[    0.000000] ACPI: FACS 0x000000003FFF020000040
[   .00000] ACPI: FACS 0x000000003FFF0200 000040
[  0.000000] ACPI: APIC 0x000000003FFF0240 00005C (v02 VBOX   VBOXAPIC 00000001 ASL  00000061)
[    0.000000] ACPI: SSDT 0x000000003FFF02A0 0001CC (v01 VBOX   VBOXCPUT 00000002 INTL 20100528)
[    0.000000] No NA configuration found
[    0.000000] Faking a node at [mem 0x0000000000000000-0x0000003ffeffff]
[    0.000000] NODE_DATA(0) allocated [mem 0x3ffeb00-0x3ffeffff]
[    0.000000] kvm-clock: Using msrs 4b564d01 and 4b564d00
[    0.000000] kvm-clock: cpu 0, msr 0:3ffe3001, primary cpu clock
[    0.000000] kvm-clock: using sched offset of 3663128718 cycles
[    0.000000] clocksource: kvm-clock: mask: 0xffffffffffffffff max_cycles: 0x1cd42e4dffb, max_idle_ns: 881590591483 ns
[    0.000000] Zone ranges:
[    0.000000]   DMA      [mem 0x0000000000001000-0x0000000000ffffff]
[    0.000000]   DMA32    [mem 0x0000000001000000-0x000000003ffeffff]
[    0.000000]   Normal   empty
[    0.000000]   Device   empty
[    0.000000] Movable zone start r each node
[    0.000000] Early memory node ranges
[    0.000000]   node   0: [mem 0x0000000000001000-0x000000000009efff]
[    0.000000]   node   0: [mem 0x0000000000100000-0x000000003ffeffff]
[    0.000000] Initmem setup node 0 [mem 0x0000000000001000-0x000000003ffeffff]
[    0.000000] ACPI: PM-Timer IO Port: 0x4008
[    0.000000] IOAPIC[0]: apic_id 2, version 32, address 0xfec00000, GSI 0-23
[    0.000000] ACPI: INT_SRC_OVR (bus 0 bus_irq 0 global_irq 2 dfl dfl)
[    0.000000] ACPI: INT_SRC_OVR (bus 0 bus_irq 9 global_irq 9 low level)
[    0.000000] Using ACPI (MADT) for SMP configuration information
[    0.000000] smpboot: Allowing 2 CPUs, 0 hotplug CPUs
[    0.000000] PM: Registered nosave memory: [mem 0x00000000-0x00000fff]
[    0.000000] PM: Registered nosave memory: [mem 0x0009f000-0x0009ffff]
[    0.000000] PM: Registered nosave memory: [mem 0x000a0000-0x000effff]
[    0.000000] PM: Registered nosave memory: [mem 0x000f0000-0x000fffff]
[    0.000000] e820: [mem 0x400000-0xfebffff] available f PCI vices
[    0.000000] Booting paravirtualized kernel on KVM
[    0.000000] clocksource: refined-jiffies: mask: 0xffffffff max_cycles: 0xffffffff, max_idle_ns: 7645519600211568 ns
[    0.000000] setup_percpu: NR_CPUS:512 nr_cpumask_bits:512 nr_cpu_ids:2 nr_node_ids:1
[    0.000000] PERCPU: Embedded 33 pages/cpu @ffff88003fc00000 s95448 r8192 d31528 u1048576
[    0000000] Built 1 zonelists in Node order, mobility grouping on.  Total pages: 257912
[    0.000000] Policy zone: DMA32
[    0.000000] Kernel command line: BOOT_IMAGE=/boot/vmlinuz-4.4.0-170-generic root=LABEL=cloudimg-rootfs ro console=tty1 console=ttyS0
[    0.000000] PID hash table entries: 4096 (order: 3, 32768 bytes)
[    0.000000] Memory: 997716K/1048120K availale (862K kernel code, 1336K rwdata, 4036K rodata, 1488K init, 1288bsss, 50404K reserved, 0K cma-reserved)
[    0.000000] SLUB: HWalign=64, Order=0-3, MinObjects=0, CPUs=2, Nodes=1
[    0.000000] Kernel/User page tables isolation: enabled
[    0.000000] Hierarchical RCU implementation.
[    0.000000] 	Build-time adjustment of leaf fanout to 64.
[    0.000000] 	RCU restricting CPUs from NR_CPUS=512 to nr_cpu_ids=2.
[    0.000000] RCU: Adjusting geometry for rcu_fanout_leaf=64, nr_cpu_ids=2
[    0.000000] NR_IRQS:33024 nr_irqs:440 16
[    0.000000] Console: colour VGA+ 80x25
[    0.000000] console [tty1] enabled
[    0.000000] console [ttyS0] enabled
[    0.000000] tsc: Detected 2903.998 MHz processor
[    1.368470] Calibrating delay loop (skipped) preset value.. 5807.99 BogoMIPS (lpj=11615992)
[    1.388079] pid_max: default: 32768 minimum: 301
[    1.447296] ACPI: Core revision 20150930
[    1.468512] ACPI: 2 ACPI AML tables successfully acquired and loaded
[    1.500686] Security Framework initialized
[    1.556395] Yama: becoming mindful.
[    1.557578] AppArmor: AppArmor initialized
[    1.558833] Dentry cache hash table entries: 131072 (order: 8, 1048576 bytes)
[    1.573121] Inode-cache hash table entries: 65536 (order: 7, 524288 bytes)
[    1.605698] Mount-cache hash table entries: 2048 (order: 2, 16384 bytes)
[    1.607192] Mountpoint-cache hash table entries: 2048 (order: 2, 16384 bytes)
[    1.645007] Initializing cgroup subsys io
[    1.645922] Initializing cgroup subsys memory
[    1.653890] Initializing cgroup subsys devices
[    1.654967] Initializing cgroup subsys freezer
[    1.671486] Initializing cgroup subsys net_cls
[    1.672517] Initializing cgroup subsys perf_event
[    1.680316] Initializing cgroup subsys net_prio
[    1.681316] Initializing cgroup subsys hugetlb
[    1.682351] Initializing cgroup subsys pids
[    1.686972] mce: CPU supports 0 MCE banks
[    1.687998] Last level iTLB entries: 4KB 64, 2MB 8, 4MB 8
[    1.696268] Last level dTLB entries: 4KB 64, 2MB 0, 4MB 0, 1GB 4
[    1.704822] Spectre V1 : Mitigation: usercopy/swapgs barriers and __user pointer sanitization
[    1.742213] Spectre V2 : Mitigation: Full generic retpoline
[    1.752079] Spectre V2 : Spectre v2 / SpectreRSB mitigation: Filling RSB on context switch
[    1.760733] Speculative Store Bypass: Vulnerable
[    1.768557] MDS: Vulnerable: Clear CPU buffers attempted, no microcode
[    1.787408] Freeing SMP alternatives memory: 36K
[    1.797389] ftrace: allocating 32302 entries in 127 pages
[    1.876333] smpboot: APIC(0) Converting physical 0 to logical package 0
[    1.884309] smpboot: Max logical packages: 1
[    1.891953] x2apic enabled
[    1.892723] Switched APIC routing to physical x2apic.
[    1.895520] ..TIMER: vector=0x30 apic1=0 pin1=2 apic2=-1 pin2=-1
[    2.018326] smpboot: CPU0: Intel(R) Core(TM) i7-7500U CPU @ 2.70GHz (family: 0x6, model: 0x8e, stepping: 0x9)
[    2.022889] Performance Events: unsupported p6 CPU model 142 no PMU driver, software events only.
[    2.037541] KVM setup paravirtual spinlock
[    2.054471] x86: Booting SMP configuration:
[    2.055535] .... node  #0, CPUs:      #1
[    2.056695] kvm-clock: cpu 1, msr 0:3ffe3041, secondary cpu clock
[    2.058892] mce: CPU supports 0 MCE banks
[    2.061720] x86: Booted up 1 node, 2 CPUs
[    2.069441] smpboot: Total of 2 processors activated (11615.99 BogoMIPS)
[    2.077852] devtmpfs: initialized
[    2.081449] evm: security.selinux
[    2.082217] evm: security.SMACK64
[    2.082946] evm: security.SMACK64EXEC
[    2.083807] evm: security.SMACK64TRANSMUTE
[    2.087180] evm: security.SMACK64MMAP
[    2.087939] evm: security.ima
[    2.088606] evm: security.capability
[    2.089714] clocksource: jiffies: mask: 0xffffffff max_cycles: 0xffffffff, max_idle_ns: 7645041785100000 ns
[    2.097836] futex hash table entries: 512 (order: 3, 32768 bytes)
[    2.099093] pinctrl core: initialized pinctrl subsystem
[    2.100571] RTC time:  9:33:59, date: 01/15/20
[    2.102112] NET: Registered protocol family 16
[    2.115727] cpuidle: using governor ladder
[    2.151772] cpuidle: using governor menu
[    2.175017] PCCT header not found.
[    2.175890] ACPI: bus type PCI registered
[    2.176852] acpiphp: ACPI Hot Plug PCI Controller Driver version: 0.5
[    2.178254] PCI: Using configuration type 1 for base access
[    2.193657] ACPI: Added _OSI(Module Device)
[    2.201710] ACPI: Added _OSI(Processor Device)
[    2.237293] ACPI: Added _OSI(3.0 _SCP Extensions)
[    2.275410] ACPI: Added _OSI(Processor Aggregator Device)
[    2.290475] ACPI: Executed 1 blocks of module-level executable AML code
[    2.341271] ACPI: Interpreter enabled
[    2.378532] ACPI: (supports S0 S5)
[    2.402265] ACPI: Using IOAPIC for interrupt routing
[    2.465268] PCI: Using host bridge windows from ACPI; if necessary, use "pci=nocrs" and report a bug
[    2.490551] ACPI: PCI Root Bridge [PCI0] (domain 0000 [bus 00-ff])
[    2.498557] acpi PNP0A03:00: _OSC: OS supports [ASPM ClockPM Segments MSI]
[    2.506526] acpi PNP0A03:00: _OSC: not requesting OS control; OS requires [ExtendedConfig ASPM ClockPM MSI]
[    2.508415] acpi PNP0A03:00: fail to add MMCONFIG information, can't access extended PCI configuration space under this bridge.
[    2.510821] PCI host bridge to bus 0000:00
[    2.511642] pci_bus 0000:00: root bus resource [io  0x0000-0x0cf7 window]
[    2.519969] pci_bus 0000:00: root bus resource [io  0x0d00-0xffff window]
[    2.528399] pci_bus 0000:00: root bus resource [mem 0x000a0000-0x000bffff window]
[    2.530540] pci_bus 0000:00: root bus resource [mem 0x40000000-0xfdffffff window]
[    2.532221] pci_bus 0000:00: root bus resource [bus 00-ff]
[    2.535295] pci 0000:00:01.1: legacy IDE quirk: reg 0x10: [io  0x01f0-0x01f7]
[    2.543758] pci 0000:00:01.1: legacy IDE quirk: reg 0x14: [io  0x03f6]
[    2.551008] pci 0000:00:01.1: legacy IDE quirk: reg 0x18: [io  0x0170-0x0177]
[    2.552740] pci 0000:00:01.1: legacy IDE quirk: reg 0x1c: [io  0x0376]
[    2.594210] pci 0000:00:07.0: quirk: [io  0x4000-0x403f] claimed by PIIX4 ACPI
[    2.609710] pci 0000:00:07.0: quirk: [io  0x4100-0x410f] claimed by PIIX4 SMB
[    2.629768] ACPI: PCI Interrupt Link [LNKA] (IRQs 5 9 10 *11)
[    2.682578] ACPI: PCI Interrupt Link [LNKB] (IRQs 5 9 *10 11)
[    2.729373] ACPI: PCI Interrupt Link [LNKC] (IRQs 5 *9 10 11)
[    2.756604] ACPI: PCI Interrupt Link [LNKD] (IRQs 5 9 10 *11)
[    2.787056] ACPI: Enabled 2 GPEs in block 00 to 07
[    2.811420] vgaarb: setting as boot device: PCI:0000:00:02.0
[    2.846405] vgaarb: device added: PCI:0000:00:02.0,decodes=io+mem,owns=io+mem,locks=none
[    2.899813] vgaarb: loaded
[    2.913337] vgaarb: bridge control possible 0000:00:02.0
[    2.915110] SCSI subsystem initialized
[    2.942845] ACPI: bus type USB registered
[    2.974302] usbcore: registered new interface driver usbfs
[    3.008687] usbcore: registered new interface driver hub
[    3.029194] usbcore: registered new device driver usb
[    3.036948] PCI: Using ACPI for IRQ routing
[    3.045410] NetLabel: Initializing
[    3.046422] NetLabel:  domain hash size = 128
[    3.047643] NetLabel:  protocols = UNLABELED CIPSOv4
[    3.058603] NetLabel:  unlabeled traffic allowed by default
[    3.067012] amd_nb: Cannot enumerate AMD northbridges
[    3.068523] clocksource: Switched to clocksource kvm-clock
[    3.094829] AppArmor: AppArmor Filesystem Enabled
[    3.102640] pnp: PnP ACPI init
[    3.104795] pnp: PnP ACPI: found 3 devices
[    3.117286] clocksource: acpi_pm: mask: 0xffffff max_cycles: 0xffffff, max_idle_ns: 2085701024 ns
[    3.119382] NET: Registered protocol family 2
[    3.121253] TCP established hash table entries: 8192 (order: 4, 65536 bytes)
[    3.122892] TCP bind hash table entries: 8192 (order: 5, 131072 bytes)
[    3.131221] TCP: Hash tables configured (established 8192 bind 8192)
[    3.132491] UDP hashab eries: 512 (order:  16384 bytes)
[  3860]DPite hash table entries: 512 (oer: 2, 16384 bytes)
[    3.738468] NET: Registered protocol family 1
[    3.739689] pci 0000:00:00.0: Limiting direct PCI/PCI transfers
[    3.741244] pci 0000:00:01.0: Activating ISA DMA hang workarounds
[   3.742872] Unpackg initramfs...

[    4.170905] Freeing initrd memory: 14840K
[    4.185604] clocksource: tsc: mask: 0xffffffffffffffff max_cycles: 0x29dc03c1beb, max_idle_ns: 440795205215 ns
[    4.187906] platform rtc_cmos: registered platform RTC device (no PNP device found)
[    4.196249] Scanning for low memory corruption every 60 seconds
[    4.198114] audit: initializing netlink subsys (disabled)
[    4.221592] audit: type=2000 audit(1579080844.646:1): initialized
[    4.223213] Initialise system trusted keyring
[    4.231550] HugeTLB registered 2 MB page size, pre-allocated 0 pages
[    4.251733] zbud: loaded
[    4.266048] VFS: Disk quotas dquot_6.6.0
[    4.285727] VFS: Dquot-cache hash table entries: 512 (order 0, 4096 bytes)
[    4.330531] squashfs: version 4.0 (2009/01/31) Phillip Lougher
[    4.371240] fuse init (API version 7.23)
[    4.381973] Key type big_key registered
[    4.389961] Allocating IMA MOK and blacklist keyrings.
[    4.439945] Key type asymmetric registered
[    4.441265] Asymmetric key parser 'x509' registered
[    4.442795] Block layer SCSI generic (bsg) driver version 0.4 loaded (major 249)
[    4.444840] io scheduler noop registered
[    4.446059] io scheduler deadline registered (default)
[    4.454811] io scheduler cfq registered
[    4.456157] pci_hotplug: PCI Hot Plug PCI Core version: 0.5
[    4.472563] pciehp: PCI Express Hot Plug Controller Driver version: 0.4
[    4.481651] ACPI: AC Adapter [AC] (off-line)
[    4.483083] input: Power Button as /devices/LNXSYSTM:00/LNXPWRBN:00/input/input0
[    4.485673] ACPI: Power Button [PWRF]
[    4.486721] input: Sleep Button as /devices/LNXSYSTM:00/LNXSLPBN:00/input/input1
[    4.488772] ACPI: Sleep Button [SLPF]
[    4.490673] ACPI: Battery Slot [BAT0] (battery present)
[    4.491875] GHES: HEST is not enabled!
[    4.493163] Serial: 8250/16550 driver, 32 ports, IRQ sharing enabled
[    4.566241] 00:02: ttyS0 at I/O 0x3f8 (irq = 4, base_baud = 115200) is a 16550A
[    4.569618] Linux agpgart interface v0.103
[    4.573907] loop: module loaded
[    4.575505] scsi host0: ata_piix
[    4.576895] scsi host1: ata_piix
[    4.577964] ata1: PATA max UDMA/33 cmd 0x1f0 ctl 0x3f6 bmdma 0xd000 irq 14
[    4.579441] ata2: PATA max UDMA/33 cmd 0x170 ctl 0x376 bmdma 0xd008 irq 15
[    4.581195] libphy: Fixed MDIO Bus: probed
[    4.588572] tun: Universal TUN/TAP device driver, 1.6
[    4.669693] tun: (C) 1999-2004 Max Krasnyansky <maxk@qualcomm.com>
[    4.698335] PPP generic driver version 2.4.2
[    4.715452] ehci_hcd: USB 2.0 'Enhanced' Host Controller (EHCI) Driver
[    4.745016] ehci-pci: EHCI PCI platform driver
[    4.766177] ehci-platform: EHCI generic platform driver
[    4.767218] ohci_hcd: USB 1.1 'Open' Host Controller (OHCI) Driver
[    4.774934] ohci-pci: OHCI PCI platform driver
[    4.800418] ohci-platform: OHCI generic platform driver
[    4.882670] uhci_hcd: USB Universal Host Controller Interface driver
[    4.891505] i8042: PNP: PS/2 Controller [PNP0303:PS2K,PNP0f03:PS2M] at 0x60,0x64 irq 1,12
[    4.934531] serio: i8042 KBD port at 0x60,0x64 irq 1
[    4.994931] serio: i8042 AUX port at 0x60,0x64 irq 12
[    5.008965] mousedev: PS/2 mouse device common for all mice
[    5.025934] rtc_cmos rtc_cmos: rtc core: registered rtc_cmos as rtc0
[    5.074367] rtc_cmos rtc_cmos: alarms up to one day, 114 bytes nvram
[    5.075721] input: AT Translated Set 2 keyboard as /devices/platform/i8042/serio0/input/input2
[    5.097966] i2c /dev entries driver
[    5.099038] device-mapper: uevent: version 1.0.3
[    5.123587] device-mapper: ioctl: 4.34.0-ioctl (2015-10-28) initialised: dm-devel@redhat.com
[    5.168728] ledtrig-cpu: registered to indicate activity on CPUs
[    5.171326] NET: Registered protocol family 10
[    5.199011] NET: Registered protocol family 17
[    5.218160] Key type dns_resolver registered
[    5.226413] registered taskstats version 1
[    5.239800] Loading compiled-in X.509 certificates
[    5.247972] Loaded X.509 cert 'Build time autogenerated kernel key: f0e56e97f406068ace47a9bf54316e9855aaaa43'
[   5.250875] zswap: loaded using pool lzo/zbud

[    5.290088] Key type trusted registered
[    5.301393] Key type encrypted registered
[    5.308257] AppArmor: AppArmor sha1 policy hashing enabled
[    5.316865] ima: No TPM chip found, activating TPM-bypass!
[    5.317964] ima: Allocated hash algorithm: sha1
[    5.318792] evm: HMAC attrs: 0x1
[    5.319777]   Magic number: 4:79:576
[    5.320659] rtc_cmos rtc_cmos: setting system clock to 2020-01-15 09:34:02 UTC (1579080842)
[    5.329520] BIOS EDD facility v0.16 2004-Jun-25, 0 devices found
[    5.331049] EDD information not available.
[    5.333908] Freeing unused kernel memory: 1488K
[    5.353431] Write protecting the kernel read-only data: 14336k
[    5.355736] Freeing unused kernel memory: 1604K
[    5.356987] Freeing unused kernel memory: 60K
Loading, please wait...
starting version 229
[    5.378078] random: systemd-udevd: uninitialized urandom read (16 bytes read, 5 bits of entropy available)
[    5.378684] random: udevadm: uninitialized urandom read (16 bytes read, 5 bits of entropy available)
[    5.378708] random: udevadm: uninitialized urandom read (16 bytes read, 5 bits of entropy available)
[    5.390129] random: udevadm: uninitialized urandom read (16 bytes read, 5 bits of entropy available)
[    5.390181] random: udevadm: uninitialized urandom read (16 bytes read, 5 bits of entropy available)
[    5.390350] random: udevadm: uninitialized urandom read (16 bytes read, 5 bits of entropy available)
[    5.390438] random: udevadm: uninitialized urandom read (16 bytes read, 5 bits of entropy available)
[    5.390497] random: udevadm: uninitialized urandom read (16 bytes read, 5 bits of entropy available)
[    5.390559] random: udevadm: uninitialized urandom read (16 bytes read, 5 bits of entropy available)
[    5.390616] random: udevadm: uninitialized urandom read (16 bytes read, 5 bits of entropy available)
[    5.633861] e1000: Intel(R) PRO/1000 Network Driver - version 7.3.21-k8-NAPI
[    5.653360] e1000: Copyright (c) 1999-2006 Intel Corporation.
[    5.658911] Fusion MPT base driver 3.04.20
[    5.673380] Copyright (c) 1999-2008 LSI Corporation
[    5.679193] Fusion MPT SPI Host driver 3.04.20
[    5.704144] AVX2 version of gcm_enc/dec engaged.
[    5.710660] AES CTR mode by8 optimization enabled
[    5.898571] input: ImExPS/2 Generic Explorer Mouse as /devices/platform/i8042/serio1/input/input4
[    6.139147] e1000 0000:00:03.0 eth0: (PCI:33MHz:32-bit) 02:4f:25:6a:cc:77
[    6.151251] e1000 0000:00:03.0 eth0: Intel(R) PRO/1000 Network Connection
[    6.186448] mptbase: ioc0: Initiating bringup
[    6.345476] ioc0: LSI53C1030 A0: Capabilities={Initiator}
[    7.319438] scsi host2: ioc0: LSI53C1030 A0, FwRev=00000000h, Ports=1, MaxQ=256, IRQ=20
[    8.403092] scsi 2:0:0:0: Direct-Access     VBOX     HARDDISK         1.0  PQ: 0 ANSI: 5
[    8.422244] scsi target2:0:0: Beginning Domain Validation
[    8.425057] scsi target2:0:0: Domain Validation skipping write tests
[    8.431880] scsi target2:0:0: Ending Domain Validation
[    8.433142] scsi target2:0:0: asynchronous
[    8.436706] scsi 2:0:1:0: Direct-Access     VBOX     HARDDISK         1.0  PQ: 0 ANSI: 5
[    8.438465] scsi target2:0:1: Beginning Domain Validation
[    8.449668] scsi target2:0:1: Domain Validation skipping write tests
[    8.450857] scsi target2:0:1: Ending Domain Validation
[    8.457221] scsi target2:0:1: asynchronous
[    8.481520] sd 2:0:0:0: Attached scsi generic sg0 type 0
[    8.493877] sd 2:0:0:0: [sda] 20971520 512-byte logical blocks: (10.7 GB/10.0 GiB)
[    8.502200] sd 2:0:0:0: [sda] Write Protect is off
[    8.503241] sd 2:0:0:0: [sda] Incomplete mode parameter data
[    8.504336] sd 2:0:0:0: [sda] Assuming drive cache: write through
[    8.506454] sd 2:0:1:0: Attached scsi generic sg1 type 0
[    8.507018] sd 2:0:1:0: [sdb] 20480 512-byte logical blocks: (10.5 MB/10.0 MiB)
[    8.517424] sd 2:0:1:0: [sdb] Write Protect is off
[    8.522099] sd 2:0:1:0: [sdb] Incomplete mode parameter data
[    8.522101] sd 2:0:1:0: [sdb] Assuming drive cache: write through
[    8.554653]  sda: sda1
[    8.567857] sd 2:0:0:0: [sda] Attached SCSI disk
[    8.576914] sd 2:0:1:0: [sdb] Attached SCSI disk
[    8.836465] e1000 0000:00:08.0 eth1: (PCI:33MHz:32-bit) 08:00:27:97:52:d0
[    8.854905] e1000 0000:00:08.0 eth1: Intel(R) PRO/1000 Network Connection
[    8.858303] e1000 0000:00:03.0 enp0s3: renamed from eth0
[    8.877513] e1000 0000:00:08.0 enp0s8: renamed from eth1
Begin: Loading e[   10.343362] md: linear personality registered for level -1
ssential drivers[   10.390230] md: multipath personality registered for level -4
 ... [   10.419429] md: raid0 personality registered for level 0
[   10.462503] md: raid1 personality registered for level 1
[   10.537012] raid6: sse2x1   gen()  7232 MB/s
[   10.604894] raid6: sse2x1   xor()  3656 MB/s
[   10.672756] raid6: sse2x2   gen()  6201 MB/s
[   10.741124] raid6: sse2x2   xor()  5158 MB/s
[   10.836955] raid6: sse2x4   gen()  6441 MB/s
[   10.920746] raid6: sse2x4   xor()  3880 MB/s
[   10.988672] raid6: avx2x1   gen() 11047 MB/s
[   11.076693] raid6: avx2x2   gen() 14091 MB/s
[   11.152607] raid6: avx2x4   gen() 18701 MB/s
[   11.153774] raid6: using algorithm avx2x4 gen() 18701 MB/s
[   11.155250] raid6: using avx2x2 recovery algorithm
[   11.158371] xor: automatically using best checksumming function:
[   11.196983]    avx       : 16737.000 MB/sec
[   11.204028] async_tx: api initialized (async)
[   11.222622] md: raid6 personality registered for level 6
[   11.239725] md: raid5 personality registered for level 5
[   11.241677] md: raid4 personality registered for level 4
[   11.253521] md: raid10 personality registered for level 10
done.
Begin: Running /scripts/init-premount ... done.
Begin: Mounting root file system ... Begin: Running /scripts/local-top ... done.
Begin: Running /scripts/local-premount ... [   11.295810] Btrfs loaded
Scanning for Btrfs filesystems
done.
Warning: fsck not present, so sk[   11.356643] EXT4-fs (sda1): mounted filesystem with ordered data mode. Opts: (null)
ipping root file system
done.
Begin: Running /scripts/local-bottom ... done.
Begin: Running /scripts/init-bottom ... done.
[   11.559963] systemd[1]: systemd 229 running in system mode. (+PAM +AUDIT +SELINUX +IMA +APPARMOR +SMACK +SYSVINIT +UTMP +LIBCRYPTSETUP +GCRYPT +GNUTLS +ACL +XZ -LZ4 +SECCOMP +BLKID +ELFUTILS +KMOD -IDN)
[   11.580897] systemd[1]: Detected virtualization oracle.
[   11.589182] systemd[1]: Detected architecture x86-64.

Welcome to [1mUbuntu 16.04.6 LTS[0m!

[   11.634096] systemd[1]: Set hostname to <ubuntu>.
[   11.666568] systemd[1]: Initializing machine ID from random generator.
[   11.718686] systemd[1]: Installed transient /etc/machine-id file.
[   11.947663] systemd[1]: Created slice System Slice.
[[0;32m  OK  [0m] Created slice System Slice.
[   11.950597] systemd[1]: Listening on udev Control Socket.
[[0;32m  OK  [0m] Listening on udev Control Socket.
[   11.960907] systemd[1]: Created slice system-serial\x2dgetty.slice.
[[0;32m  OK  [0m] Created slice system-serial\x2dgetty.slice.
[   11.993675] systemd[1]: Listening on Syslog Socket.
[[0;32m  OK  [0m] Listening on Syslog Socket.
[   11.996106] systemd[1]: Reached target Swap.
[[0;32m  OK  [0m] Reached target Swap.
[   12.028873] systemd[1]: Listening on Journal Socket.
[[0;32m  OK  [0m] Listening on Journal Socket.
[   12.041491] systemd[1]: Mounting Huge Pages File System...
         Mounting Huge Pages File System...
[   12.045009] systemd[1]: Starting Remount Root and Kernel File Systems...
         Starting Remount Root and Kernel File Systems...
[   12.050673] systemd[1]: Starting Uncomplicated firewall...
[   12.052515] EXT4-fs (sda1): re-mounted. Opts: (null)
         Starting Uncomplicated firewall...
[   12.062406] systemd[1]: Mounting POSIX Message Queue File System...
         Mounting POSIX Message Queue File System...
[   12.081684] systemd[1]: Listening on Device-mapper event daemon FIFOs.
[[0;32m  OK  [0m] Listening on Device-mapper event daemon FIFOs.
[   12.142936] random: nonblocking pool is initialized
[   12.169676] systemd[1]: Starting Load Kernel Modules...
         Startin[   12.178443] Loading iSCSI transport class v2.0-870.
g Load Kernel Mo[   12.198248] iscsi: registered transport (tcp)
dules...
[   12.225147] systemd[1]: Starting Create list of required static device nodes for the current kernel...
         Starting Create list of[   12.244832] iscsi: registered transport (iser)
 required st... nodes for the current kernel...
[   12.304672] systemd[1]: Mounting Debug File System...
         Mounting Debug File System...
[   12.322803] systemd[1]: Listening on LVM2 poll daemon socket.
[[0;32m  OK  [0m] Listening on LVM2 poll daemon socket.
[   12.366841] systemd[1]: Reached target User and Group Name Lookups.
[[0;32m  OK  [0m] Reached target User and Group Name Lookups.
[   12.394632] systemd[1]: Reached target Encrypted Volumes.
[[0;32m  OK  [0m] Reached target Encrypted Volumes.
[   12.398386] systemd[1]: Listening on udev Kernel Socket.
[[0;32m  OK  [0m] Listening on udev Kernel Socket.
[   12.413855] systemd[1]: Listening on LVM2 metadata daemon socket.
[[0;32m  OK  [0m] Listening on LVM2 metadata daemon socket.
[   12.428031] systemd[1]: Listening on Journal Socket (/dev/log).
[[0;32m  OK  [0m] Listening on Journal Socket (/dev/log).
[   12.431986] systemd[1]: Started Trigger resolvconf update for networkd DNS.
[[0;32m  OK  [0m] Started Trigger resolvconf update for networkd DNS.
[   12.469408] systemd[1]: Starting Nameserver information manager...
         Starting Nameserver information manager...
[   12.478148] systemd[1]: Listening on /dev/initctl Compatibility Named Pipe.
[[0;32m  OK  [0m] Listening on /dev/initctl Compatibility Named Pipe.
[   12.493276] systemd[1]: Listening on Journal Audit Socket.
[[0;32m  OK  [0m] Listening on Journal Audit Socket.
[   12.498247] systemd[1]: Starting Set console keymap...
         Starting Set console keymap...
[   12.521132] systemd[1]: Created slice User and Session Slice.
[[0;32m  OK  [0m] Created slice User and Session Slice.
[   12.617785] systemd[1]: Reached target Slices.
[[0;32m  OK  [0m] Reached target Slices.
[   12.654272] systemd[1]: Starting Monitoring of LVM2 mirrors, snapshots etc. using dmeventd or progress polling...
         Starting Monitoring of LVM2 mirrors... dmeventd or progress polling...
[   12.706801] systemd[1]: Set up automount Arbitrary Executable File Formats File System Automount Point.
[[0;32m  OK  [0m] Set up automount Arbitrary Executab...ats File System Automount Point.
[   12.777413] systemd[1]: Starting Journal Service...
         Starting Journal Service...
[   12.821673] systemd[1]: Reached target System Time Synchronized.
[[0;32m  OK  [0m] Reached target System Time Synchronized.
[   12.876524] systemd[1]: Started Forward Password Requests to Wall Directory Watch.
[[0;32m  OK  [0m] Started Forward Password Requests to Wall Directory Watch.
[   12.919990] systemd[1]: Mounted Debug File System.
[[0;32m  OK  [0m] Mounted Debug File System.
[   12.957753] systemd[1]: Mounted Huge Pages File System.
[[0;32m  OK  [0m] Mounted Huge Pages File System.
[   13.009256] systemd[1]: Mounted POSIX Message Queue File System.
[[0;32m  OK  [0m] Mounted POSIX Message Queue File System.
[   13.021846] systemd[1]: Started Journal Service.
[[0;32m  OK  [0m] Started Journal Service.
[[0;32m  OK  [0m] Started Remount Root and Kernel File Systems.
[[0;32m  OK  [0m] Started Uncomplicated firewall.
[[0;32m  OK  [0m] Started Load Kernel Modules.
[[0;32m  OK  [0m] Started Create list of required sta...ce nodes for the current kernel.
[[0;32m  OK  [0m] Started Set console keymap.
[[0;32m  OK  [0m] Started Nameserver information manager.
[[0;32m  OK  [0m] Started LVM2 metadata daemon.
         Starting Create Static Device Nodes in /dev...
         Starting Apply Kernel Variables...
         Mounting FUSE Control File System...
         Starting udev Coldplug all Devices...
         Starting Load/Save Random Seed...
         Starting Flush Journal to Persistent Storage...
[[0;32m  OK  [0m] Mounted FUSE Control File System.
[[0;32m  OK  [0m] Started Create Static Device Nodes in /dev.
[[0;32m  OK  [0m] Started Apply Kernel Variables.
[[0;32m  OK  [0m] Started Load/Save Random Seed.
[[0;32m  OK  [0m] Started udev Coldplug all Devices.
[[0;32m  OK  [0m] Started Monitoring of LVM2 mirrors,...ng dmeventd or progress polling.
[[0;32m  OK  [0m] Started Flush Journal to Persistent Storage.
         Starting udev Kernel Device Manager...
[[0;32m  OK  [0m] Reached target Local File Systems (Pre).
[[0;32m  OK  [0m] Reached target Local File Systems.
         Starting LSB: AppArmor initialization...
         Starting Commit a transient machine-id on disk...
         Starting Set console font and keymap...
         Starting Create Volatile Files and Directories...
         Starting Tell Plymouth To Write Out Runtime Data...
         Starting Initial cloud-init job (pre-networking)...
[[0;32m  OK  [0m] Started udev Kernel Device Manager.
[[0;32m  OK  [0m] Started Commit a transient machine-id on disk.
[[0;32m  OK  [0m] Started Create Volatile Files and Directories.
[[0;32m  OK  [0m] Started Tell Plymouth To Write Out Runtime Data.
         Starting Update UTMP about System Boot/Shutdown...
[[0;32m  OK  [0m] Started Dispatch Password Requests to Console Directory Watch.
[[0;32m  OK  [0m] Found device /dev/ttyS0.
[[0;32m  OK  [0m] Started Update UTMP about System Boot/Shutdown.
[[0;32m  OK  [0m] Listening on Load/Save RF Kill Switch Status /dev/rfkill Watch.
[[0;32m  OK  [0m] Started Set console font and keymap.
[[0;32m  OK  [0m] Created slice system-getty.slice.
[[0;32m  OK  [0m] Started LSB: AppArmor initialization.
[   13.431087] cloud-init[485]: Cloud-init v. 19.2-36-g059d049c-0ubuntu2~16.04.1 running 'init-local' at Wed, 15 Jan 2020 09:34:12 +0000. Up 12.79 seconds.
[[0;32m  OK  [0m] Started Initial cloud-init job (pre-networking).
[[0;32m  OK  [0m] Reached target Network (Pre).
         Starting Raise network interfaces...
[[0;32m  OK  [0m] Started Raise network interfaces.
         Starting Initial cloud-init job (metadata service crawler)...
[[0;32m  OK  [0m] Reached target Network.
[   15.443775] cloud-init[957]: Cloud-init v. 19.2-36-g059d049c-0ubuntu2~16.04.1 running 'init' at Wed, 15 Jan 2020 09:34:14 +0000. Up 14.50 seconds.
[   15.452631] cloud-init[957]: ci-info: ++++++++++++++++++++++++++++++++++++++Net device info+++++++++++++++++++++++++++++++++++++++
[   15.463029] cloud-init[957]: ci-info: +--------+-------+----------------------------+---------------+--------+-------------------+
[   15.474327] cloud-init[957]: ci-info: | Device |   Up  |          Address           |      Mask     | Scope  |     Hw-Address    |
[   15.477738] cloud-init[957]: ci-info: +--------+-------+----------------------------+---------------+--------+-------------------+
[   15.513302] cloud-init[957]: ci-info: | enp0s3 |  True |         10.0.2.15          | 255.255.255.0 | global | 02:4f:25:6a:cc:77 |
[   15.513644] cloud-init[957]: ci-info: | enp0s3 |  True | fe80::4f:25ff:fe6a:cc77/64 |       .       |  link  | 02:4f:25:6a:cc:77 |
[   15.514293] cloud-init[957]: ci-info: | enp0s8 | False |             .              |       .       |   .    | 08:00:27:97:52:d0 |
[[0;32m  OK  [0m] Started Initial cloud-init job (metadata service crawler).
[   15.514480] cloud-init[957]: ci-info: |   lo   |  True |         127.0.0.1          |   255.0.0.0   |  host  |         .         |
[   15.799909] cloud-init[957]: ci-info: |   lo   |  True |          ::1/128           |       .       |  host  |         .         |
[   15.855135] cloud-init[957]: ci-info: +--------+-------+----------------------------+---------------+--------+-------------------+
[   15.855912] cloud-init[957]: ci-info: +++++++++++++++++++++++++++Route IPv4 info++++++++++++++++++++++++++++
[   15.857649] cloud-init[957]: ci-info: +-------+-------------+----------+---------------+-----------+-------+
[[0;32m  OK  [0m] Reached target System Initialization.
[   15.858709] cloud-init[957]: ci-info: | Route | Destination | Gateway  |    Genmask    | Interface | Flags |
[   15.917057] cloud-init[957]: ci-info: +-------+-------------+----------+---------------+-----------+-------+
[   15.917348] cloud-init[957]: ci-info: |   0   |   0.0.0.0   | 10.0.2.2 |    0.0.0.0    |   enp0s3  |   UG  |
[   15.917583] cloud-init[957]: ci-info: |   1   |   10.0.2.0  | 0.0.0.0  | 255.255.255.0 |   enp0s3  |   U   |
[   15.918046] cloud-init[957]: ci-info: +-------+-------------+----------+---------------+-----------+-------+
[   15.918274] cloud-init[957]: ci-info: +++++++++++++++++++Route IPv6 info+++++++++++++++++++
[   15.918781] cloud-init[957]: ci-info: +-------+-------------+---------+-----------+-------+
[   15.919023] cloud-init[957]: ci-info: | Route | Destination | Gateway | Interface | Flags |
[   15.919294] cloud-init[957]: ci-info: +-------+-------------+---------+-----------+-------+
[   15.919917] cloud-init[957]: ci-info: |   0   |  fe80::/64  |    ::   |   enp0s3  |   U   |
[   15.920507] cloud-init[957]: ci-info: |   3   |   ff00::/8  |    ::   |   enp0s3  |   U   |
[   15.921043] cloud-init[957]: ci-info: +-------+-------------+---------+-----------+-------+
[   15.921322] cloud-init[957]: Generating public/private rsa key pair.
[   15.921599] cloud-init[957]: Your identification has been saved in /etc/ssh/ssh_host_rsa_key.
[   15.921906] cloud-init[957]: Your public key has been saved in /etc/ssh/ssh_host_rsa_key.pub.
[   15.922161] cloud-init[957]: The key fingerprint is:
[   15.922438] cloud-init[957]: SHA256:ph4x+E6NnG3YNSiSzn423Jpgfiq1HdvvRTwCtRD54FM root@ubuntu-xenial
[   15.922756] cloud-init[957]: The key's randomart image is:
[   15.923028] cloud-init[957]: +---[RSA 2048]----+
[   15.923309] cloud-init[957]: |        oo.      |
[   15.923619] cloud-init[957]: |        ooE.     |
[   15.923875] cloud-init[957]: |       ..+.      |
[   15.924447] cloud-init[957]: |     o  oo..     |
[   15.924742] cloud-init[957]: |    + + S.+ +    |
[   15.925008] cloud-init[957]: |   o.+.& . + .   |
[   15.925290] cloud-init[957]: |   .=+X==   .    |
[   15.925600] cloud-init[957]: |  .+.=O+o  .     |
[   15.925863] cloud-init[957]: |   .+==o oo      |
[   15.926143] cloud-init[957]: +----[SHA256]-----+
[   15.926425] cloud-init[957]: Generating public/private dsa key pair.
[   15.926778] cloud-init[957]: Your identification has been saved in /etc/ssh/ssh_host_dsa_key.
[   15.927055] cloud-init[957]: Your public key has been saved in /etc/ssh/ssh_host_dsa_key.pub.
[   15.927334] cloud-init[957]: The key fingerprint is:
[   15.927958] cloud-init[957]: SHA256:BK/pasleAgPjQoRynUtMtaIgbpDfknJTKb9oo64cqNA root@ubuntu-xenial
[   15.928559] cloud-init[957]: The key's randomart image is:
[   15.928892] cloud-init[957]: +---[DSA 1024]----+
[   15.929166] cloud-init[957]: |.. +.oo          |
[   15.929477] cloud-init[957]: |+.. =. +         |
[   15.929753] cloud-init[957]: |Oo..+.. o        |
[   15.930033] cloud-init[957]: |*= B.. +         |
[   15.930322] cloud-init[957]: |o+X o o S        |
[   15.930686] cloud-init[957]: |++ * o           |
[   15.930956] cloud-init[957]: |o.E.o.o          |
[   15.931231] cloud-init[957]: |+o..++           |
[   15.931589] cloud-init[957]: |*o oo            |
[   15.931844] cloud-init[957]: +----[SHA256]-----+
[   15.932459] cloud-init[957]: Generating public/private ecdsa key pair.
[   15.932786] cloud-init[957]: Your identification has been saved in /etc/ssh/ssh_host_ecdsa_key.
[   15.933057] cloud-init[957]: Your public key has been saved in /etc/ssh/ssh_host_ecdsa_key.pub.
[   15.933338] cloud-init[957]: The key fingerprint is:
[   15.933631] cloud-init[957]: SHA256:SzsIKy1TnaAyQVD1fJX5Xxj4LVj98hvZUv+I3++S5rg root@ubuntu-xenial
[   15.933903] cloud-init[957]: The key's randomart image is:
[   15.934188] cloud-init[957]: +---[ECDSA 256]---+
[   15.935691] cloud-init[957]: |oo...     .o . . |
[   15.936088] cloud-init[957]: |.    o   .o . o .|
         Starting Socket activation for snappy daemon.
[[   15.936180] cloud-init[957]: |.   . o .  . + +.|
[   16.208148] cloud-init[957]: | . . o o    o = =|
[   16.208249] cloud-init[957]: |o . o o S    . *+|
[   16.208401] cloud-init[957]: | o o o o o    oo+|
[   16.208558] cloud-init[957]: |  + o . +    . ++|
[   16.208717] cloud-init[957]: |   +     .  ..=o.|
[   16.208891] cloud-init[957]: |            E=oo=|
[   16.209041] cloud-init[957]: +----[SHA256]-----+
[   16.209201] cloud-init[957]: Generating public/private ed25519 key pair.
[   16.209364] cloud-init[957]: Your identification has been saved in /etc/ssh/ssh_host_ed25519_key.
[   16.209517] cloud-init[957]: Your public key has been saved in /etc/ssh/ssh_host_ed25519_key.pub.
[   16.209677] cloud-init[957]: The key fingerprint is:
[   16.210012] cloud-init[957]: SHA256:3nDdZIXtp9COSiw2d2tABFpKIs5byKcBhm0Mm+JUMWM root@ubuntu-xenial
[0;32m  OK  [0m] Started Message of the Day.
[[   16.210213] cloud-init[957]: The key's randomart image is:
[   16.327498] cloud-init[957]: +--[ED25519 256]--+
[   16.327627] cloud-init[957]: |+=.Eo . o.     o.|
[   16.327783] cloud-init[957]: |oB*ooo +  .   ...|
[   16.328261] cloud-init[957]: |+o* o o  .   .o. |
[0;32m  OK  [0m] Listening on D-Bus System Message Bus Socket.
[[   16.328316] cloud-init[957]: |+  *      ...+. o|
[   16.414134] cloud-init[957]: | .o     So. .+...|
[   16.414319] cloud-init[957]: |       .++= o o  |
[   16.414618] cloud-init[957]: |       ..=.+ .   |
[   16.414890] cloud-init[957]: |          . o    |
[   16.415124] cloud-init[957]: |           .     |
[   16.415915] cloud-init[957]: +----[SHA256]-----+
[0;32m  OK  [0m] Started Daily Cleanup of Temporary Directories.
[[0;32m  OK  [0m] Listening on UUID daemon activation socket.
[[0;32m  OK  [0m] Started Daily apt download activities.
[[0;32m  OK  [0m] Started Daily apt upgrade and clean activities.
[[0;32m  OK  [0m] Reached target Timers.
[[0;32m  OK  [0m] Started ACPI Events Check.
[[0;32m  OK  [0m] Reached target Paths.
         Starting LXD - unix socket.
[[0;32m  OK  [0m] Listening on ACPID Listen Socket.
[[0;32m  OK  [0m] Reached target Network is Online.
         Starting iSCSI initiator daemon (iscsid)...
[[0;32m  OK  [0m] Reached target Cloud-config availability.
[[0;32m  OK  [0m] Listening on Socket activation for snappy daemon.
[[0;32m  OK  [0m] Listening on LXD - unix socket.
[[0;32m  OK  [0m] Started iSCSI initiator daemon (iscsid).
         Starting Login to default iSCSI targets...
[[0;32m  OK  [0m] Reached target Sockets.
[[0;32m  OK  [0m] Reached target Basic System.
         Starting LSB: Record successful boot for GRUB...
[[0;32m  OK  [0m] Started D-Bus System Message Bus.
         Starting LXD - container startup/shutdown...
         Starting /etc/rc.local Compatibility...
[[0;32m  OK  [0m] Started Regular background program processing daemon.
         Starting LSB: MD monitoring daemon...
         Starting Pollinate to seed the pseudo random number generator...
         Starting System Logging Service...
[[0;32m  OK  [0m] Started ACPI event daemon.
         Starting Virtualbox guest utils...
[[0;32m  OK  [0m] Started FUSE filesystem for LXC.
         Starting Accounts Service...
[[0;32m  OK  [0m] Started Deferred execution scheduler.
         Starting Login Service...
         Starting Snappy daemon...
[[0;32m  OK  [0m] Started System Logging Service.
[[0;32m  OK  [0m] Started LXD - container startup/shutdown.
[[0;32m  OK  [0m] Started /etc/rc.local Compatibility.
[[0;32m  OK  [0m] Started Pollinate to seed the pseudo random number generator.
[[0;32m  OK  [0m] Started Login to default iSCSI targets.
[[0;32m  OK  [0m] Started LSB: Record successful boot for GRUB.
[[0;32m  OK  [0m] Started LSB: MD monitoring daemon.
         Starting Authenticate and Authorize Users to Run Privileged Tasks...
[[0;32m  OK  [0m] Reached target Remote File Systems (Pre).
[[0;32m  OK  [0m] Reached target Remote File Systems.
         Starting LSB: daemon to balance interrupts for SMP systems...
         Starting Permit User Sessions...
         Starting LSB: automatic crash report generation...
         Starting LSB: Set the CPU Frequency Scaling governor to "ondemand"...
         Starting OpenBSD Secure Shell server...
[[0;32m  OK  [0m] Started Snappy daemon.
[[0;32m  OK  [0m] Started Virtualbox guest utils.
[[0;32m  OK  [0m] Started Permit User Sessions.
[[0;32m  OK  [0m] Started Login Service.
[[0;32m  OK  [0m] Started Authenticate and Authorize Users to Run Privileged Tasks.
[[0;32m  OK  [0m] Started Accounts Service.
[[0;32m  OK  [0m] Started OpenBSD Secure Shell server.
[[0;32m  OK  [0m] Started LSB: Set the CPU Frequency Scaling governor to "ondemand".
[[0;32m  OK  [0m] Started LSB: daemon to balance interrupts for SMP systems.
[[0;32m  OK  [0m] Started LSB: automatic crash report generation.
[[0;32m  OK  [0m] Started Unattended Upgrades Shutdown.
         Starting Terminate Plymouth Boot Screen...
         Starting Hold until boot process finishes up...
         Starting Wait until snapd is fully seeded...
[[0;32m  OK  [0m] Started Terminate Plymouth Boot Screen.
[[0;32m  OK  [0m] Started Hold until boot process finishes up.
[[0;32m  OK  [0m] Created slice User Slice of vagrant.
         Starting User Manager for UID 1000...
[[0;32m  OK  [0m] Started Session 1 of user vagrant.
         Starting Set console scheme...
[[0;32m  OK  [0m] Started Getty on tty1.
[[0;32m  OK  [0m] Started Serial Getty on ttyS0.
[[0;32m  OK  [0m] Reached target Login Prompts.
[[0;32m  OK  [0m] Started Set console scheme.
[[0;32m  OK  [0m] Started User Manager for UID 1000.
[[0;32m  OK  [0m] Started Wait until snapd is fully seeded.
         Starting Apply the settings specified in cloud-config...
[[0;32m  OK  [0m] Reached target Multi-User System.
[[0;32m  OK  [0m] Reached target Graphical Interface.
         Starting Update UTMP about System Runlevel Changes...
[[0;32m  OK  [0m] Started Update UTMP about System Runlevel Changes.
[   19.814543] cloud-init[1378]: Generating locales (this might take a while)...
[   21.111157] cloud-init[1378]:   en_US.UTF-8... done
[   21.124399] cloud-init[1378]: Generation complete.
[   21.883639] cloud-init[1378]: Cloud-init v. 19.2-36-g059d049c-0ubuntu2~16.04.1 running 'modules:config' at Wed, 15 Jan 2020 09:34:19 +0000. Up 19.63 seconds.
[[0;32m  OK  [0m] Started Apply the settings specified in cloud-config.
         Starting Execute cloud user/final scripts...
ci-info: no authorized ssh keys fingerprints found for user ubuntu.
<14>Jan 15 09:34:22 ec2: 
<14>Jan 15 09:34:22 ec2: #############################################################
<14>Jan 15 09:34:22 ec2: -----BEGIN SSH HOST KEY FINGERPRINTS-----
<14>Jan 15 09:34:22 ec2: 1024 SHA256:BK/pasleAgPjQoRynUtMtaIgbpDfknJTKb9oo64cqNA root@ubuntu-xenial (DSA)
<14>Jan 15 09:34:22 ec2: 256 SHA256:SzsIKy1TnaAyQVD1fJX5Xxj4LVj98hvZUv+I3++S5rg root@ubuntu-xenial (ECDSA)
<14>Jan 15 09:34:22 ec2: 256 SHA256:3nDdZIXtp9COSiw2d2tABFpKIs5byKcBhm0Mm+JUMWM root@ubuntu-xenial (ED25519)
<14>Jan 15 09:34:22 ec2: 2048 SHA256:ph4x+E6NnG3YNSiSzn423Jpgfiq1HdvvRTwCtRD54FM root@ubuntu-xenial (RSA)
<14>Jan 15 09:34:22 ec2: -----END SSH HOST KEY FINGERPRINTS-----
<14>Jan 15 09:34:22 ec2: #############################################################
-----BEGIN SSH HOST KEY KEYS-----
ecdsa-sha2-nistp256 AAAAE2VjZHNhLXNoYTItbmlzdHAyNTYAAAAIbmlzdHAyNTYAAABBBDDSMswHzyZU1JO5KxQiAvjVARp91g1TaSdcrtIy2OHlcyN01Jt3D0VsqHGhvS2j7w5okdM00mZ78BqLbskH+eU= root@ubuntu-xenial
ssh-ed25519 AAAAC3NzaC1lZDI1NTE5AAAAIFmVQReXMblBauiIOUxpNFjx/dJ2YQwA9QkkrRncrKtE root@ubuntu-xenial
ssh-rsa AAAAB3NzaC1yc2EAAAADAQABAAABAQC6leFcSSGb8cCLnD75cuKZWZkJVQXvbfR/EUHER5pxEgEkSjsh2hwVnvSGDGpf2jHRiFenUe8DYWYn+GuSt2NENe684xYS15KBQxSBbXgdHfi0RYqoy9pRG4baJGAHbw9JI3cqqsEyYQ9H8E+S6SVidtJAIIoqRT91SwmWsHd5zkmI9qE0qHhPt1pOFwXyyOwRGfxwrXqXK6gMzO39wxsWgfJnYYWeDGEXKabFY0CHZj8bIuCzSS5i8Gh4PVGK2NHtlsIGi7HNsuu386cO9Et1FwxsUrvhqbRB1Q9WwYP/JjFiHYk+gavr8dA6DkjSIT5BJQdtuZgDVCsigiPHez09 root@ubuntu-xenial
-----END SSH HOST KEY KEYS-----
[   23.209187] cloud-init[1539]: Cloud-init v. 19.2-36-g059d049c-0ubuntu2~16.04.1 running 'modules:final' at Wed, 15 Jan 2020 09:34:22 +0000. Up 22.65 seconds.
[   23.358352] cloud-init[1539]: ci-info: no authorized ssh keys 
Ubuntu 16.04.6 LTS ubuntu-xenial ttyS0

ubuntu-xenial login: 